Dyana 0.1.0
===========
Trajectory: koh_h2o.xyz (xyz)
Output dir: demo_output
Input log: demo_output/input.log

Topology Setup
> Loaded first frame and prepared trajectory state.
Cell vectors: a=18.5000  b=18.5000  c=24.0000
Detected compound types:
  1: H2O   x127
  2: OH-   x1
  3: K+    x1
  4: H3O2  x1

Compound 4 bond length matrix:
          O1       H1       O2
   O1      -    1.0162   2.4215
   H1   1.0162      -    1.4058
   O2   2.4215   1.4058      -
! Output file compound4.pdf already existed; moved the previous file to #1#compound4.pdf.
+ Accepted compound list.

Analysis Setup
Analysis: RDF
Reference: O in H3O2
Observed: H1 in H3O2
Max distance: 6.0000 Angstrom
Bins: 600

Frame Loop
Start frame: 1
Frames: all
Stride: 1
Per-frame topology update: yes
> Per-frame molecule recognition is enabled for this run.

Run
Running RDF...
... Processed 100 frames (current frame 100)
... Processed 200 frames (current frame 200)
... Processed 300 frames (current frame 300)
! Skipped frame 314 because the selected compound type was not present after topology update.
x Invalid atom label(s). Try again.
> Retrying with the previous valid selection.
... Processed 400 frames (current frame 401)
+ Processed 487 frames total.

Results
+ Saved RDF results to rdf_O-H3O2_H1-H3O2.dat
Processed frames: 487
  Output: rdf_O-H3O2_H1-H3O2.dat
  Console log: demo_output/dyana.log
